=== run_logged header ===
cmd      : python3 docs/vector-audit/audit_driver.py
cwd      : . (repository root)
interp   : Python 3.11.2  (wrapper sys.version: 3.11.2)
started  : 2026-09-29T06:33:49+02:00
ended    : 2026-09-29T06:33:52+02:00
exit     : 0
=== stdout ===
=== audit_driver header ===
started  : 2026-09-29T06:33:49+02:00
cwd      : . (repository root; paths repo-relative)
python   : 3.11.2
verifier : verify_tersign.py sha256=7f56bd043f008ff4b070ef707a583d1615a04d3e6adb5f42eaa9366aaa7157db version=0.1.0
manifest : sha256=b7a1c699b34ed0bb1e8979dbcfd981577d4cf6838d65482d1e66690a42477560
baseline : fully concordant 69/69
ablate[builtin] keccak_to_sha3                         flips=18 reason-only=0  ['p1-live-genesis-receipt.json', 'p3-integer-key-utf16-order.json', 'p4-chain-link-genesis.json', 'p6-chain-set-complete.json', 'p12-ijson-integer-boundary.json', 'p13-decimal-string-beside-integer.json', 'p14-supplementary-plane-key-order.json', 'p23-delivery-independence-within-commitment.json', 'p24-witnessed-complete-set.json', 'p18-boundary-binds-prefix-and-position.json', 'p19-authority-reduction-bound.json', 'p20-suite-transition-preserves-prefix.json', 'n29-suite-transition-redigests-prefix.json', 'p15-offer-binding.json', 'p26-chain-commitment-complete.json', 'p27-live-chain-commitment-genesis-chain.json', 'p28-issuer-sequence-distinct-seq.json', 'p29-committed-prefix-one-record-per-position.json']
ablate[builtin] codepoint_key_order                    flips=2  reason-only=0  ['p14-supplementary-plane-key-order.json', 'n12-codepoint-key-order.json']
ablate[builtin] no_number_domain                       flips=1  reason-only=2  ['n10-float-in-digest-domain.json']
ablate[builtin] no_seq_completeness                    flips=1  reason-only=2  ['n39-issuer-sequence-duplicate-seq.json']
ablate[builtin] no_link_recompute                      flips=1  reason-only=0  ['n17-renumbered-omission.json']
ablate[builtin] no_accumulator                         flips=3  reason-only=0  ['n36-chain-commitment-prefix-substituted.json', 'n37-chain-commitment-last-link-only.json', 'n40-equivocating-record-at-committed-position.json']
ablate[builtin] no_independence                        flips=5  reason-only=0  ['n7-issuer-only-independence.json', 'n13-party-alias-whitespace.json', 'n32-delivery-self-attested.json', 'n30-independence-urn-self-attested.json', 'n31-independence-urn-alias-trailing-slash.json']
ablate[builtin] no_identity_normalization              flips=3  reason-only=0  ['n13-party-alias-whitespace.json', 'n14-unparseable-attestor.json', 'n31-independence-urn-alias-trailing-slash.json']
ablate[builtin] no_record_commits_presence             flips=2  reason-only=0  ['n23-independence-scope-null-declared.json', 'n24-independence-scope-declared-no-scope.json']
ablate[builtin] declared_commits                       flips=3  reason-only=0  ['n22-independence-scope-declared-override.json', 'n23-independence-scope-null-declared.json', 'n24-independence-scope-declared-no-scope.json']
ablate[builtin] no_position_binding                    flips=0  reason-only=0  []
ablate[builtin] no_coverage_bound                      flips=1  reason-only=0  ['n26-coverage-claimed-over-empty-attestation.json']
ablate[builtin] phase_any                              flips=2  reason-only=0  ['n6-phase-confusion.json', 'n18-unrecognized-phase.json']
ablate[builtin] no_unknown_claim_reject                flips=2  reason-only=0  ['n8-unrecognized-independence-claim.json', 'n9-unrecognized-member-in-claim-set.json']
ablate[extra] no_digest_compare                      flips=1  reason-only=0  ['n1-value-drift.json']
ablate[extra] numeric_hoist_keys                     flips=2  reason-only=0  ['p3-integer-key-utf16-order.json', 'n2-hoisted-integer-keys.json']
ablate[extra] insertion_order_keys                   flips=7  reason-only=0  ['p2-canonical-key-order.json', 'p3-integer-key-utf16-order.json', 'p13-decimal-string-beside-integer.json', 'p14-supplementary-plane-key-order.json', 'n12-codepoint-key-order.json', 'p19-authority-reduction-bound.json', 'p15-offer-binding.json']
ablate[extra] strict_below_2_53                      flips=1  reason-only=0  ['p12-ijson-integer-boundary.json']
ablate[extra] accept_2_53                            flips=0  reason-only=1  []
ablate[extra] reject_payload_text                    flips=1  reason-only=1  ['p25-integer-token-in-text.json']
ablate[extra] json_parse_collapses_integral_floats   flips=2  reason-only=0  ['n35-integer-valued-float-token.json', 'n38-chain-set-float-seq-token.json']
ablate[extra] no_link_compare                        flips=1  reason-only=0  ['n3-chain-link-wrong-prev.json']
ablate[extra] no_anchor_compare                      flips=1  reason-only=0  ['n5-truncated-anchor.json']
ablate[extra] anchor_sha3                            flips=1  reason-only=0  ['p5-live-bitcoin-anchor.json']
ablate[extra] no_prev_continuity                     flips=0  reason-only=0  []
ablate[extra] no_head_digest_binding                 flips=0  reason-only=0  []
ablate[extra] no_genesis_null_prev                   flips=0  reason-only=0  []
ablate[extra] witness_counts_as_presence             flips=1  reason-only=0  ['n34-witnessed-inclusion-not-completeness.json']
ablate[extra] acc_last_link_only                     flips=4  reason-only=0  ['p26-chain-commitment-complete.json', 'p27-live-chain-commitment-genesis-chain.json', 'n37-chain-commitment-last-link-only.json', 'p29-committed-prefix-one-record-per-position.json']
ablate[extra] phase_vocab_only                       flips=1  reason-only=0  ['n6-phase-confusion.json']
ablate[extra] phase_equality_only                    flips=0  reason-only=0  []
ablate[extra] phase_later_only                       flips=0  reason-only=0  []
ablate[extra] reject_all_party_only                  flips=3  reason-only=0  ['p9-no-independence-claim.json', 'p11-claim-set-silence-only.json', 'p22-delivery-commitment-recomputed.json']
ablate[extra] attestations_default_empty             flips=0  reason-only=0  []
ablate[extra] attestation_string_as_by               flips=1  reason-only=0  ['n16-attestation-not-an-object.json']
ablate[extra] covers_not_checked                     flips=3  reason-only=0  ['n20-independence-scope-uncommitted.json', 'n21-independence-scope-empty-settlement.json', 'n33-delivery-substitution-scope-overreach.json']
ablate[extra] settlement_any_string                  flips=1  reason-only=0  ['n21-independence-scope-empty-settlement.json']
ablate[extra] trust_declared_delivery_digest         flips=1  reason-only=0  ['n33-delivery-substitution-scope-overreach.json']
ablate[extra] derive_nothing                         flips=3  reason-only=0  ['p16-independence-scope-committed.json', 'p17-independence-scope-derived-settlement.json', 'p23-delivery-independence-within-commitment.json']
ablate[extra] addr_only_identity                     flips=1  reason-only=0  ['p21-independence-urn-identities.json']
ablate[extra] no_trailing_punct_fold                 flips=1  reason-only=0  ['n31-independence-urn-alias-trailing-slash.json']
ablate[extra] case_fold_scheme_ids                   flips=0  reason-only=0  []
ablate[extra] no_offer_compare                       flips=1  reason-only=0  ['n19-offer-substitution.json']
ablate[extra] no_offer_presence                      flips=0  reason-only=0  []
ablate[extra] no_decision_presence                   flips=1  reason-only=0  ['n27-authority-reduction-unbound.json']
ablate[extra] no_decision_compare                    flips=1  reason-only=0  ['n28-authority-reduction-substitution.json']
ablate[extra] redigest_under_toSuite                 flips=2  reason-only=0  ['p20-suite-transition-preserves-prefix.json', 'n29-suite-transition-redigests-prefix.json']
ablate[extra] no_boundary_vocab                      flips=0  reason-only=0  []
ablate[extra] no_position_apl_optional               flips=1  reason-only=0  ['n25-boundary-prefix-only-no-position.json']
ablate[extra] apl_optional_only                      flips=0  reason-only=0  []
mutations: flipped valid->reject 66/66
ended    : 2026-09-29T06:33:52+02:00

per-vector pin counts (verdict flips under single ablations):
  p1-live-genesis-receipt.json                             n_flips=1  ['keccak_to_sha3']  reason-only=[]
  p2-canonical-key-order.json                              n_flips=1  ['insertion_order_keys']  reason-only=[]
  p3-integer-key-utf16-order.json                          n_flips=3  ['keccak_to_sha3', 'numeric_hoist_keys', 'insertion_order_keys']  reason-only=[]
  p4-chain-link-genesis.json                               n_flips=1  ['keccak_to_sha3']  reason-only=[]
  p5-live-bitcoin-anchor.json                              n_flips=1  ['anchor_sha3']  reason-only=[]
  p6-chain-set-complete.json                               n_flips=1  ['keccak_to_sha3']  reason-only=[]
  p7-phase-consistent.json                                 n_flips=0  []  reason-only=[]
  p8-non-party-attestation.json                            n_flips=0  []  reason-only=[]
  p9-no-independence-claim.json                            n_flips=1  ['reject_all_party_only']  reason-only=[]
  n1-value-drift.json                                      n_flips=1  ['no_digest_compare']  reason-only=[]
  n2-hoisted-integer-keys.json                             n_flips=1  ['numeric_hoist_keys']  reason-only=[]
  n3-chain-link-wrong-prev.json                            n_flips=1  ['no_link_compare']  reason-only=[]
  n4-omitted-record.json                                   n_flips=0  []  reason-only=['no_seq_completeness']
  n5-truncated-anchor.json                                 n_flips=1  ['no_anchor_compare']  reason-only=[]
  n6-phase-confusion.json                                  n_flips=2  ['phase_any', 'phase_vocab_only']  reason-only=[]
  n7-issuer-only-independence.json                         n_flips=1  ['no_independence']  reason-only=[]
  p10-claim-set-independent.json                           n_flips=0  []  reason-only=[]
  p11-claim-set-silence-only.json                          n_flips=1  ['reject_all_party_only']  reason-only=[]
  n8-unrecognized-independence-claim.json                  n_flips=1  ['no_unknown_claim_reject']  reason-only=[]
  p12-ijson-integer-boundary.json                          n_flips=2  ['keccak_to_sha3', 'strict_below_2_53']  reason-only=[]
  p13-decimal-string-beside-integer.json                   n_flips=2  ['keccak_to_sha3', 'insertion_order_keys']  reason-only=[]
  n10-float-in-digest-domain.json                          n_flips=1  ['no_number_domain']  reason-only=[]
  n11-integer-beyond-ijson-range.json                      n_flips=0  []  reason-only=['no_number_domain', 'accept_2_53']
  p14-supplementary-plane-key-order.json                   n_flips=3  ['keccak_to_sha3', 'codepoint_key_order', 'insertion_order_keys']  reason-only=[]
  n12-codepoint-key-order.json                             n_flips=2  ['codepoint_key_order', 'insertion_order_keys']  reason-only=[]
  n13-party-alias-whitespace.json                          n_flips=2  ['no_independence', 'no_identity_normalization']  reason-only=[]
  n14-unparseable-attestor.json                            n_flips=1  ['no_identity_normalization']  reason-only=[]
  n15-claim-without-attestations.json                      n_flips=0  []  reason-only=[]
  n16-attestation-not-an-object.json                       n_flips=1  ['attestation_string_as_by']  reason-only=[]
  n17-renumbered-omission.json                             n_flips=1  ['no_link_recompute']  reason-only=[]
  n18-unrecognized-phase.json                              n_flips=1  ['phase_any']  reason-only=[]
  p16-independence-scope-committed.json                    n_flips=1  ['derive_nothing']  reason-only=[]
  n20-independence-scope-uncommitted.json                  n_flips=1  ['covers_not_checked']  reason-only=[]
  p17-independence-scope-derived-settlement.json           n_flips=1  ['derive_nothing']  reason-only=[]
  n21-independence-scope-empty-settlement.json             n_flips=2  ['covers_not_checked', 'settlement_any_string']  reason-only=[]
  n22-independence-scope-declared-override.json            n_flips=1  ['declared_commits']  reason-only=[]
  n23-independence-scope-null-declared.json                n_flips=2  ['no_record_commits_presence', 'declared_commits']  reason-only=[]
  n24-independence-scope-declared-no-scope.json            n_flips=2  ['no_record_commits_presence', 'declared_commits']  reason-only=[]
  p22-delivery-commitment-recomputed.json                  n_flips=1  ['reject_all_party_only']  reason-only=[]
  n32-delivery-self-attested.json                          n_flips=1  ['no_independence']  reason-only=[]
  p23-delivery-independence-within-commitment.json         n_flips=2  ['keccak_to_sha3', 'derive_nothing']  reason-only=[]
  n33-delivery-substitution-scope-overreach.json           n_flips=2  ['covers_not_checked', 'trust_declared_delivery_digest']  reason-only=[]
  p24-witnessed-complete-set.json                          n_flips=1  ['keccak_to_sha3']  reason-only=[]
  n34-witnessed-inclusion-not-completeness.json            n_flips=1  ['witness_counts_as_presence']  reason-only=['no_seq_completeness']
  p18-boundary-binds-prefix-and-position.json              n_flips=1  ['keccak_to_sha3']  reason-only=[]
  n25-boundary-prefix-only-no-position.json                n_flips=1  ['no_position_apl_optional']  reason-only=[]
  n26-coverage-claimed-over-empty-attestation.json         n_flips=1  ['no_coverage_bound']  reason-only=[]
  p19-authority-reduction-bound.json                       n_flips=2  ['keccak_to_sha3', 'insertion_order_keys']  reason-only=[]
  n27-authority-reduction-unbound.json                     n_flips=1  ['no_decision_presence']  reason-only=[]
  n28-authority-reduction-substitution.json                n_flips=1  ['no_decision_compare']  reason-only=[]
  p20-suite-transition-preserves-prefix.json               n_flips=2  ['keccak_to_sha3', 'redigest_under_toSuite']  reason-only=[]
  n29-suite-transition-redigests-prefix.json               n_flips=2  ['keccak_to_sha3', 'redigest_under_toSuite']  reason-only=[]
  p21-independence-urn-identities.json                     n_flips=1  ['addr_only_identity']  reason-only=[]
  n30-independence-urn-self-attested.json                  n_flips=1  ['no_independence']  reason-only=[]
  n31-independence-urn-alias-trailing-slash.json           n_flips=3  ['no_independence', 'no_identity_normalization', 'no_trailing_punct_fold']  reason-only=[]
  p15-offer-binding.json                                   n_flips=2  ['keccak_to_sha3', 'insertion_order_keys']  reason-only=[]
  n19-offer-substitution.json                              n_flips=1  ['no_offer_compare']  reason-only=[]
  n9-unrecognized-member-in-claim-set.json                 n_flips=1  ['no_unknown_claim_reject']  reason-only=[]
  p25-integer-token-in-text.json                           n_flips=1  ['reject_payload_text']  reason-only=[]
  n35-integer-valued-float-token.json                      n_flips=1  ['json_parse_collapses_integral_floats']  reason-only=['no_number_domain', 'reject_payload_text']
  p26-chain-commitment-complete.json                       n_flips=2  ['keccak_to_sha3', 'acc_last_link_only']  reason-only=[]
  p27-live-chain-commitment-genesis-chain.json             n_flips=2  ['keccak_to_sha3', 'acc_last_link_only']  reason-only=[]
  n36-chain-commitment-prefix-substituted.json             n_flips=1  ['no_accumulator']  reason-only=[]
  n37-chain-commitment-last-link-only.json                 n_flips=2  ['no_accumulator', 'acc_last_link_only']  reason-only=[]
  n38-chain-set-float-seq-token.json                       n_flips=1  ['json_parse_collapses_integral_floats']  reason-only=[]
  p28-issuer-sequence-distinct-seq.json                    n_flips=1  ['keccak_to_sha3']  reason-only=[]
  n39-issuer-sequence-duplicate-seq.json                   n_flips=1  ['no_seq_completeness']  reason-only=[]
  p29-committed-prefix-one-record-per-position.json        n_flips=2  ['keccak_to_sha3', 'acc_last_link_only']  reason-only=[]
  n40-equivocating-record-at-committed-position.json       n_flips=1  ['no_accumulator']  reason-only=[]
=== stderr ===
