=== audit_driver header ===
started  : 2026-09-29T06:33:49+02:00
cwd      : . (repository root; paths repo-relative)
python   : 3.11.2
verifier : verify_tersign.py sha256=7f56bd043f008ff4b070ef707a583d1615a04d3e6adb5f42eaa9366aaa7157db version=0.1.0
manifest : sha256=b7a1c699b34ed0bb1e8979dbcfd981577d4cf6838d65482d1e66690a42477560
baseline : fully concordant 69/69
ablate[builtin] keccak_to_sha3                         flips=18 reason-only=0  ['p1-live-genesis-receipt.json', 'p3-integer-key-utf16-order.json', 'p4-chain-link-genesis.json', 'p6-chain-set-complete.json', 'p12-ijson-integer-boundary.json', 'p13-decimal-string-beside-integer.json', 'p14-supplementary-plane-key-order.json', 'p23-delivery-independence-within-commitment.json', 'p24-witnessed-complete-set.json', 'p18-boundary-binds-prefix-and-position.json', 'p19-authority-reduction-bound.json', 'p20-suite-transition-preserves-prefix.json', 'n29-suite-transition-redigests-prefix.json', 'p15-offer-binding.json', 'p26-chain-commitment-complete.json', 'p27-live-chain-commitment-genesis-chain.json', 'p28-issuer-sequence-distinct-seq.json', 'p29-committed-prefix-one-record-per-position.json']
ablate[builtin] codepoint_key_order                    flips=2  reason-only=0  ['p14-supplementary-plane-key-order.json', 'n12-codepoint-key-order.json']
ablate[builtin] no_number_domain                       flips=1  reason-only=2  ['n10-float-in-digest-domain.json']
ablate[builtin] no_seq_completeness                    flips=1  reason-only=2  ['n39-issuer-sequence-duplicate-seq.json']
ablate[builtin] no_link_recompute                      flips=1  reason-only=0  ['n17-renumbered-omission.json']
ablate[builtin] no_accumulator                         flips=3  reason-only=0  ['n36-chain-commitment-prefix-substituted.json', 'n37-chain-commitment-last-link-only.json', 'n40-equivocating-record-at-committed-position.json']
ablate[builtin] no_independence                        flips=5  reason-only=0  ['n7-issuer-only-independence.json', 'n13-party-alias-whitespace.json', 'n32-delivery-self-attested.json', 'n30-independence-urn-self-attested.json', 'n31-independence-urn-alias-trailing-slash.json']
ablate[builtin] no_identity_normalization              flips=3  reason-only=0  ['n13-party-alias-whitespace.json', 'n14-unparseable-attestor.json', 'n31-independence-urn-alias-trailing-slash.json']
ablate[builtin] no_record_commits_presence             flips=2  reason-only=0  ['n23-independence-scope-null-declared.json', 'n24-independence-scope-declared-no-scope.json']
ablate[builtin] declared_commits                       flips=3  reason-only=0  ['n22-independence-scope-declared-override.json', 'n23-independence-scope-null-declared.json', 'n24-independence-scope-declared-no-scope.json']
ablate[builtin] no_position_binding                    flips=0  reason-only=0  []
ablate[builtin] no_coverage_bound                      flips=1  reason-only=0  ['n26-coverage-claimed-over-empty-attestation.json']
ablate[builtin] phase_any                              flips=2  reason-only=0  ['n6-phase-confusion.json', 'n18-unrecognized-phase.json']
ablate[builtin] no_unknown_claim_reject                flips=2  reason-only=0  ['n8-unrecognized-independence-claim.json', 'n9-unrecognized-member-in-claim-set.json']
ablate[extra] no_digest_compare                      flips=1  reason-only=0  ['n1-value-drift.json']
ablate[extra] numeric_hoist_keys                     flips=2  reason-only=0  ['p3-integer-key-utf16-order.json', 'n2-hoisted-integer-keys.json']
ablate[extra] insertion_order_keys                   flips=7  reason-only=0  ['p2-canonical-key-order.json', 'p3-integer-key-utf16-order.json', 'p13-decimal-string-beside-integer.json', 'p14-supplementary-plane-key-order.json', 'n12-codepoint-key-order.json', 'p19-authority-reduction-bound.json', 'p15-offer-binding.json']
ablate[extra] strict_below_2_53                      flips=1  reason-only=0  ['p12-ijson-integer-boundary.json']
ablate[extra] accept_2_53                            flips=0  reason-only=1  []
ablate[extra] reject_payload_text                    flips=1  reason-only=1  ['p25-integer-token-in-text.json']
ablate[extra] json_parse_collapses_integral_floats   flips=2  reason-only=0  ['n35-integer-valued-float-token.json', 'n38-chain-set-float-seq-token.json']
ablate[extra] no_link_compare                        flips=1  reason-only=0  ['n3-chain-link-wrong-prev.json']
ablate[extra] no_anchor_compare                      flips=1  reason-only=0  ['n5-truncated-anchor.json']
ablate[extra] anchor_sha3                            flips=1  reason-only=0  ['p5-live-bitcoin-anchor.json']
ablate[extra] no_prev_continuity                     flips=0  reason-only=0  []
ablate[extra] no_head_digest_binding                 flips=0  reason-only=0  []
ablate[extra] no_genesis_null_prev                   flips=0  reason-only=0  []
ablate[extra] witness_counts_as_presence             flips=1  reason-only=0  ['n34-witnessed-inclusion-not-completeness.json']
ablate[extra] acc_last_link_only                     flips=4  reason-only=0  ['p26-chain-commitment-complete.json', 'p27-live-chain-commitment-genesis-chain.json', 'n37-chain-commitment-last-link-only.json', 'p29-committed-prefix-one-record-per-position.json']
ablate[extra] phase_vocab_only                       flips=1  reason-only=0  ['n6-phase-confusion.json']
ablate[extra] phase_equality_only                    flips=0  reason-only=0  []
ablate[extra] phase_later_only                       flips=0  reason-only=0  []
ablate[extra] reject_all_party_only                  flips=3  reason-only=0  ['p9-no-independence-claim.json', 'p11-claim-set-silence-only.json', 'p22-delivery-commitment-recomputed.json']
ablate[extra] attestations_default_empty             flips=0  reason-only=0  []
ablate[extra] attestation_string_as_by               flips=1  reason-only=0  ['n16-attestation-not-an-object.json']
ablate[extra] covers_not_checked                     flips=3  reason-only=0  ['n20-independence-scope-uncommitted.json', 'n21-independence-scope-empty-settlement.json', 'n33-delivery-substitution-scope-overreach.json']
ablate[extra] settlement_any_string                  flips=1  reason-only=0  ['n21-independence-scope-empty-settlement.json']
ablate[extra] trust_declared_delivery_digest         flips=1  reason-only=0  ['n33-delivery-substitution-scope-overreach.json']
ablate[extra] derive_nothing                         flips=3  reason-only=0  ['p16-independence-scope-committed.json', 'p17-independence-scope-derived-settlement.json', 'p23-delivery-independence-within-commitment.json']
ablate[extra] addr_only_identity                     flips=1  reason-only=0  ['p21-independence-urn-identities.json']
ablate[extra] no_trailing_punct_fold                 flips=1  reason-only=0  ['n31-independence-urn-alias-trailing-slash.json']
ablate[extra] case_fold_scheme_ids                   flips=0  reason-only=0  []
ablate[extra] no_offer_compare                       flips=1  reason-only=0  ['n19-offer-substitution.json']
ablate[extra] no_offer_presence                      flips=0  reason-only=0  []
ablate[extra] no_decision_presence                   flips=1  reason-only=0  ['n27-authority-reduction-unbound.json']
ablate[extra] no_decision_compare                    flips=1  reason-only=0  ['n28-authority-reduction-substitution.json']
ablate[extra] redigest_under_toSuite                 flips=2  reason-only=0  ['p20-suite-transition-preserves-prefix.json', 'n29-suite-transition-redigests-prefix.json']
ablate[extra] no_boundary_vocab                      flips=0  reason-only=0  []
ablate[extra] no_position_apl_optional               flips=1  reason-only=0  ['n25-boundary-prefix-only-no-position.json']
ablate[extra] apl_optional_only                      flips=0  reason-only=0  []
mutations: flipped valid->reject 66/66
ended    : 2026-09-29T06:33:52+02:00
