=== run_logged header ===
cmd      : python3 positive_controls.py spec
cwd      : . (repository root)
interp   : Python 3.11.2  (wrapper sys.version: 3.11.2)
started  : 2026-09-29T06:34:15+02:00
ended    : 2026-09-29T06:34:16+02:00
exit     : 0
=== stdout ===
[PASS] keccak256('') public value 
[PASS] keccak256('abc') public value 
[PASS] keccak256 != sha3_256 
[PASS] n29 prefixDigest == sha3_256(canonical(prefix)) [independent pin of the prefix domain] bytes=[{"event":"record","seq":1},{"event":"record","seq":2},{"event":"record","seq":3}]
[PASS] p27 keccak256(canonical(commitment)) == provenance.commitment_digest canonical={"acc":"0xfc831c0f98c8ea5df6417cd26afa278ed4ab82a1e682d170e47aa4a4173c5511","head":"0x339800528596c7d53d32571ad999695aef6dfc8fc86dcc4fb827bb6080493961","schema":"tersign-chain-commitment-v1","seq":13}
[PASS] p27 sha256(commitment_digest) == provenance.anchored_digest 
[PASS] p27 head.acc == provenance.commitment.acc 
[PASS] p1 genesis digest == p27 seq-1 artifact 
[PASS] p1 genesis digest == p4 artifact_digest 
[PASS] p13 canonical bytes agree with json.dumps(sort_keys) on BMP-ASCII keys 
[PASS] p14 canonical bytes DIFFER from json.dumps(sort_keys) (code-point sort) — the class p14/n12 pins 
ALL PASS
=== stderr ===
