=== run_logged header ===
cmd      : python3.9 verify_tersign.py spec --json results/suite69_py39.json
cwd      : . (repository root)
interp   : Python 3.9.25  (wrapper sys.version: 3.11.2)
started  : 2026-09-29T06:34:05+02:00
ended    : 2026-09-29T06:34:05+02:00
exit     : 0
=== stdout ===
Tersign evidence-record-conformance v0.5.3 — independent verifier 0.1.0 — Python 3.9.25
OK   p1-live-genesis-receipt.json                             digest_recompute           expect=valid                              got=valid                              digest recomputes: 0xe5874f1ffe87f0a6dd9eb157730f67b86ee4538b125fe30fcc4e165213dd3fc4
OK   p2-canonical-key-order.json                              canonical_bytes            expect=valid                              got=valid                              canonical bytes match (15 bytes)
OK   p3-integer-key-utf16-order.json                          digest_recompute           expect=valid                              got=valid                              digest recomputes: 0x426b770f81b8ad5e307bcfb767deb02f8d32cd340d81a946be88bb184857e81b
OK   p4-chain-link-genesis.json                               chain_link                 expect=valid                              got=valid                              link recomputes: 0x837c2d85db422b59f89527ef33bfe862af7230895635b63141b09cde169187a5
OK   p5-live-bitcoin-anchor.json                              anchor_relation            expect=valid                              got=valid                              anchored digest binds the subject (existence of the anchor itself NOT checked: structural profile)
OK   p6-chain-set-complete.json                               chain_set                  expect=valid                              got=valid                              seq 1..3 present exactly once, prevs continuous, 3 links recompute, head binds final record
OK   p7-phase-consistent.json                                 phase_claim                expect=valid                              got=valid                              record phase delivery == presented phase
OK   p8-non-party-attestation.json                            independence_claim         expect=valid                              got=valid                              1 non-party attestor(s); no scope asserted
OK   p9-no-independence-claim.json                            independence_claim         expect=valid                              got=valid                              no independence claimed (silence): nothing to disqualify
OK   n1-value-drift.json                                      digest_recompute           expect=reject/recompute_mismatch          got=reject/recompute_mismatch          recomputed 0x60667ab757a706f55dc7391f053c53f991cba3c2d08b3c999cc4cc3670165616 != expected 0xe5874f1ffe87f0a6dd9eb157730f67b86ee4538b125fe30fcc4e165213dd3fc4
OK   n2-hoisted-integer-keys.json                             canonical_bytes            expect=reject/canonicalization_reject     got=reject/canonicalization_reject     canonical bytes '{"1":"c","10":"a","2":"b"}' != claimed '{"1":"c","2":"b","10":"a"}'
OK   n3-chain-link-wrong-prev.json                            chain_link                 expect=reject/continuity_reject           got=reject/continuity_reject           link recomputes to 0xe9128d550586cef308ecb68b3d9ad35f5dbd0734edbfe2b0e4eee69ea4bc1d0e, claimed 0x837c2d85db422b59f89527ef33bfe862af7230895635b63141b09cde169187a5 (prev/seq do not bind)
OK   n4-omitted-record.json                                   chain_set                  expect=reject/completeness_reject         got=reject/completeness_reject         missing seq [2] under committed head
OK   n5-truncated-anchor.json                                 anchor_relation            expect=reject/existence_reject            got=reject/existence_reject            sha256(subject) = 0x8c0a1d376820875befe0ccc8213a7f0620f42d5d6d60b375840abcfe96120f29 does not equal the anchored digest
OK   n6-phase-confusion.json                                  phase_claim                expect=reject/phase_reject                got=reject/phase_reject                a funding-phase record presented as delivery evidence
OK   n7-issuer-only-independence.json                         independence_claim         expect=reject/independence_reject         got=reject/independence_reject         attested only by parties to the transaction: structure, not independence
OK   p10-claim-set-independent.json                           independence_claim         expect=valid                              got=valid                              1 non-party attestor(s); no scope asserted
OK   p11-claim-set-silence-only.json                          independence_claim         expect=valid                              got=valid                              no independence claimed (silence): nothing to disqualify
OK   n8-unrecognized-independence-claim.json                  independence_claim         expect=reject/independence_reject         got=reject/independence_reject         claim member(s) ['effect_corroborated'] cannot be interpreted (fails closed)
OK   p12-ijson-integer-boundary.json                          digest_recompute           expect=valid                              got=valid                              digest recomputes: 0x1bbcd0a5a14e5f06f15a65af355156e744a40fdf8897bcb1081812ab1470a0e7
OK   p13-decimal-string-beside-integer.json                   digest_recompute           expect=valid                              got=valid                              digest recomputes: 0x81086b5801b1bfd992e4d1e929f54907e0d3be0e8ede94f1da1a954b4e78b250
OK   n10-float-in-digest-domain.json                          canonical_bytes            expect=reject/number_domain_reject        got=reject/number_domain_reject        non-integer number token '1.1' in the digest domain
OK   n11-integer-beyond-ijson-range.json                      digest_recompute           expect=reject/number_domain_reject        got=reject/number_domain_reject        integer 9007199254740992 outside the I-JSON exact range |n| <= 2^53-1
OK   p14-supplementary-plane-key-order.json                   digest_recompute           expect=valid                              got=valid                              digest recomputes: 0xecb8402c2b3a26aebd5f69e0a91c8f6c16d0a2cc679bc689b51f0d5bc4b36929
OK   n12-codepoint-key-order.json                             canonical_bytes            expect=reject/canonicalization_reject     got=reject/canonicalization_reject     canonical bytes '{"𐀀":2,"｡":1}' != claimed '{"｡":1,"𐀀":2}'
OK   n13-party-alias-whitespace.json                          independence_claim         expect=reject/independence_reject         got=reject/independence_reject         attested only by parties to the transaction: structure, not independence
OK   n14-unparseable-attestor.json                            independence_claim         expect=reject/independence_reject         got=reject/independence_reject         attestor identifier '0x9d38BA84730271eb27Ac9bD4\u200bBd2620c08dB4FDa6' does not parse (n14, fails closed)
OK   n15-claim-without-attestations.json                      independence_claim         expect=reject/independence_reject         got=reject/independence_reject         independence claimed with no attestations to evaluate (n15)
OK   n16-attestation-not-an-object.json                       independence_claim         expect=reject/independence_reject         got=reject/independence_reject         attestation is not an object naming its attestor (n16)
OK   n17-renumbered-omission.json                             chain_set                  expect=reject/continuity_reject           got=reject/continuity_reject           link at seq 2 does not recompute as keccak256(artifact || prev || seq_be8)
OK   n18-unrecognized-phase.json                              phase_claim                expect=reject/phase_reject                got=reject/phase_reject                economic_phase 'settled_and_delivered' is outside the declared vocabulary ['funding', 'delivery', 'settlement', 'refund', 'reversal']
OK   p16-independence-scope-committed.json                    independence_claim         expect=valid                              got=valid                              1 non-party attestor(s); claim covers ['settlement', 'network'] within derived commitments ['network', 'settlement']
OK   n20-independence-scope-uncommitted.json                  independence_claim         expect=reject/independence_reject         got=reject/independence_reject         claim covers ['delivery'] — fact(s) the record does not commit to (derived commitments: ['network', 'settlement'])
OK   p17-independence-scope-derived-settlement.json           independence_claim         expect=valid                              got=valid                              1 non-party attestor(s); claim covers ['settlement'] within derived commitments ['network', 'settlement']
OK   n21-independence-scope-empty-settlement.json             independence_claim         expect=reject/independence_reject         got=reject/independence_reject         claim covers ['settlement'] — fact(s) the record does not commit to (derived commitments: ['network'])
OK   n22-independence-scope-declared-override.json            independence_claim         expect=reject/independence_reject         got=reject/independence_reject         declared `record_commits` present: a scope a record asserts about itself is not evidence of that scope
OK   n23-independence-scope-null-declared.json                independence_claim         expect=reject/independence_reject         got=reject/independence_reject         declared `record_commits` present: a scope a record asserts about itself is not evidence of that scope
OK   n24-independence-scope-declared-no-scope.json            independence_claim         expect=reject/independence_reject         got=reject/independence_reject         declared `record_commits` present: a scope a record asserts about itself is not evidence of that scope
OK   p22-delivery-commitment-recomputed.json                  independence_claim         expect=valid                              got=valid                              no independence claimed (silence): nothing to disqualify
OK   n32-delivery-self-attested.json                          independence_claim         expect=reject/independence_reject         got=reject/independence_reject         attested only by parties to the transaction: structure, not independence
OK   p23-delivery-independence-within-commitment.json         independence_claim         expect=valid                              got=valid                              1 non-party attestor(s); claim covers ['delivery'] within derived commitments ['delivery']
OK   n33-delivery-substitution-scope-overreach.json           independence_claim         expect=reject/independence_reject         got=reject/independence_reject         claim covers ['delivery'] — fact(s) the record does not commit to (derived commitments: [])
OK   p24-witnessed-complete-set.json                          chain_set                  expect=valid                              got=valid                              seq 1..3 present exactly once, prevs continuous, 3 links recompute, head binds final record
OK   n34-witnessed-inclusion-not-completeness.json            chain_set                  expect=reject/completeness_reject         got=reject/completeness_reject         missing seq [2] under committed head
OK   p18-boundary-binds-prefix-and-position.json              boundary_binding           expect=valid                              got=valid                              prefixDigest binds 3 events under keccak256-jcs; position 3; coverage 3 <= attested 3
OK   n25-boundary-prefix-only-no-position.json                boundary_binding           expect=reject/boundary_reject             got=reject/boundary_reject             boundary event binds no position in the prefix's continuation (n25)
OK   n26-coverage-claimed-over-empty-attestation.json         boundary_binding           expect=reject/boundary_reject             got=reject/boundary_reject             unattested prefix (attestedPrefixLength = 0) is its own outcome, not a pass (n26)
OK   p19-authority-reduction-bound.json                       decision_evidence_binding  expect=valid                              got=valid                              record binds the exact decision-evidence object
OK   n27-authority-reduction-unbound.json                     decision_evidence_binding  expect=reject/binding_reject              got=reject/binding_reject              record carries no decisionEvidenceDigest: the presented reduction is unbound
OK   n28-authority-reduction-substitution.json                decision_evidence_binding  expect=reject/binding_reject              got=reject/binding_reject              keccak256(canonical(decision_evidence)) = 0x6f1e5578989368eebfa56b16bea09352aecc4f2f17ec7831301121c72100a909 != committed digest (substitution)
OK   p20-suite-transition-preserves-prefix.json               boundary_binding           expect=valid                              got=valid                              prefixDigest binds 3 events under keccak256-jcs; position 3; coverage 3 <= attested 3
OK   n29-suite-transition-redigests-prefix.json               boundary_binding           expect=reject/boundary_reject             got=reject/boundary_reject             prefixDigest does not bind the prefix under keccak256-jcs (recomputed 0x359d141c2ce3530ee54762bc13d9a51676cdec13becc24deddc45fb536bbd086) — re-digested or forged history
OK   p21-independence-urn-identities.json                     independence_claim         expect=valid                              got=valid                              1 non-party attestor(s); no scope asserted
OK   n30-independence-urn-self-attested.json                  independence_claim         expect=reject/independence_reject         got=reject/independence_reject         attested only by parties to the transaction: structure, not independence
OK   n31-independence-urn-alias-trailing-slash.json           independence_claim         expect=reject/independence_reject         got=reject/independence_reject         attested only by parties to the transaction: structure, not independence
OK   p15-offer-binding.json                                   offer_binding              expect=valid                              got=valid                              receipt.offerDigest binds the presented offer
OK   n19-offer-substitution.json                              offer_binding              expect=reject/binding_reject              got=reject/binding_reject              keccak256(canonical(offer)) = 0xe2a62813411c0da59e0755511fadb89803183c6aac59f1d12f83a6e3be545e9c != receipt.offerDigest (terms substituted)
OK   n9-unrecognized-member-in-claim-set.json                 independence_claim         expect=reject/independence_reject         got=reject/independence_reject         claim member(s) ['unknown-claim'] cannot be interpreted (fails closed)
OK   p25-integer-token-in-text.json                           canonical_bytes            expect=valid                              got=valid                              canonical bytes match (12 bytes)
OK   n35-integer-valued-float-token.json                      canonical_bytes            expect=reject/number_domain_reject        got=reject/number_domain_reject        non-integer number token '2.0' in the digest domain
OK   p26-chain-commitment-complete.json                       chain_commitment           expect=valid                              got=valid                              head.acc equals the fold over all 3 recomputed links
OK   p27-live-chain-commitment-genesis-chain.json             chain_commitment           expect=valid                              got=valid                              head.acc equals the fold over all 13 recomputed links
OK   n36-chain-commitment-prefix-substituted.json             chain_commitment           expect=reject/continuity_reject           got=reject/continuity_reject           accumulator mismatch: fold over 3 links = 0x5479a41d713938384141892656be4e7e8e0ffbdf621b65b6f2194ccd2688e3ba, head.acc = 0xae28e0e8b22b15cd27de2390efbe4e3c206decbfe5cede4751b85410f6648f4f
OK   n37-chain-commitment-last-link-only.json                 chain_commitment           expect=reject/continuity_reject           got=reject/continuity_reject           accumulator mismatch: fold over 3 links = 0xae28e0e8b22b15cd27de2390efbe4e3c206decbfe5cede4751b85410f6648f4f, head.acc = 0x4062010194c5605f41afc27e0094266c1cee5063703f5614901893c7fb67ec64
OK   n38-chain-set-float-seq-token.json                       chain_set                  expect=reject/completeness_reject         got=reject/completeness_reject         head.seq '3.0' is not a positive integer token
OK   p28-issuer-sequence-distinct-seq.json                    chain_set                  expect=valid                              got=valid                              seq 1..4 present exactly once, prevs continuous, 4 links recompute, head binds final record
OK   n39-issuer-sequence-duplicate-seq.json                   chain_set                  expect=reject/completeness_reject         got=reject/completeness_reject         duplicate seq [2] under committed head
OK   p29-committed-prefix-one-record-per-position.json        chain_commitment           expect=valid                              got=valid                              head.acc equals the fold over all 3 recomputed links
OK   n40-equivocating-record-at-committed-position.json       chain_commitment           expect=reject/continuity_reject           got=reject/continuity_reject           accumulator mismatch: fold over 3 links = 0x5483c6ea9111e3f93798a784ccd4a4489815f4186e94b06fe5688413e980d45c, head.acc = 0x2a1fe13ab3b6da8e6cc2486e58c4303aa7ecac2ae568bc3fdc21eb42a8a47cd8
verdict concordant 69/69; reason concordant 40/40 (where the manifest names one); fully concordant 69/69
=== stderr ===
